[2026-05-07 22:33:02] [MainThread/INFO] [CatLauncherV2.Global]: test
[2026-05-07 22:46:59] [MainThread/DEBUG] [CatLauncherV2.Config]: Configuration saved.
[2026-05-07 22:47:36] [MainThread/INFO] [CatLauncherV2.AuthManager]: Added offline account: TestUser
[2026-05-07 22:49:05] [MainThread/INFO] [CatLauncherV2.InstanceMgr]: Created instance: Test (1.20.1 - vanilla)
[2026-05-08 00:20:45] [MainThread/INFO] [CatLauncherV2.App]: Initializing CatLauncherV2...
[2026-05-08 00:20:45] [MainThread/INFO] [CatLauncherV2.Config]: Configuration loaded successfully.
[2026-05-08 00:20:45] [MainThread/DEBUG] [CatLauncherV2.DiscordRPC]: Could not connect to Discord RPC (is Discord running?): Could not find Discord installed and running on this machine.
[2026-05-08 00:21:28] [MainThread/INFO] [CatLauncherV2.App]: Initializing CatLauncherV2...
[2026-05-08 00:21:28] [MainThread/DEBUG] [CatLauncherV2.Config]: Configuration saved.
[2026-05-08 00:21:28] [MainThread/DEBUG] [CatLauncherV2.DiscordRPC]: Could not connect to Discord RPC (is Discord running?): Could not find Discord installed and running on this machine.
[2026-05-08 00:22:51] [MainThread/INFO] [CatLauncherV2.Config]: Configuration loaded successfully.
[2026-05-08 00:22:51] [MainThread/DEBUG] [CatLauncherV2.Config]: Configuration saved.
[2026-05-08 00:23:20] [MainThread/DEBUG] [CatLauncherV2.Config]: Configuration saved.
[2026-05-08 00:23:20] [MainThread/DEBUG] [CatLauncherV2.Config]: Configuration saved.
[2026-05-08 00:23:39] [MainThread/INFO] [CatLauncherV2.App]: Initializing CatLauncherV2...
[2026-05-08 00:23:39] [MainThread/DEBUG] [CatLauncherV2.Config]: Configuration saved.
[2026-05-08 00:23:39] [MainThread/DEBUG] [CatLauncherV2.DiscordRPC]: Could not connect to Discord RPC (is Discord running?): Could not find Discord installed and running on this machine.
[2026-05-08 00:23:39] [MainThread/INFO] [CatLauncherV2.App]: UI Started.
[2026-05-08 00:27:09] [MainThread/INFO] [CatLauncherV2.App]: Initializing CatLauncherV2...
[2026-05-08 00:27:09] [MainThread/INFO] [CatLauncherV2.Config]: Configuration loaded successfully.
[2026-05-08 00:27:09] [MainThread/DEBUG] [CatLauncherV2.DiscordRPC]: Could not connect to Discord RPC (is Discord running?): Could not find Discord installed and running on this machine.
[2026-05-08 00:27:09] [MainThread/INFO] [CatLauncherV2.App]: UI Started.
[2026-05-08 00:28:55] [MainThread/INFO] [CatLauncherV2.App]: Initializing CatLauncherV2...
[2026-05-08 00:28:55] [MainThread/INFO] [CatLauncherV2.Config]: Configuration loaded successfully.
[2026-05-08 00:28:55] [MainThread/DEBUG] [CatLauncherV2.DiscordRPC]: Could not connect to Discord RPC (is Discord running?): Could not find Discord installed and running on this machine.
[2026-05-08 00:28:55] [MainThread/INFO] [CatLauncherV2.App]: UI Started.
[2026-05-08 00:30:56] [MainThread/INFO] [CatLauncherV2.App]: Initializing CatLauncherV2...
[2026-05-08 00:30:56] [MainThread/INFO] [CatLauncherV2.Config]: Configuration loaded successfully.
[2026-05-08 00:30:56] [MainThread/DEBUG] [CatLauncherV2.DiscordRPC]: Could not connect to Discord RPC (is Discord running?): Could not find Discord installed and running on this machine.
[2026-05-08 00:30:56] [MainThread/INFO] [CatLauncherV2.App]: UI Started.
[2026-05-08 00:48:22] [MainThread/INFO] [CatLauncherV2.App]: Initializing CatLauncherV2...
[2026-05-08 00:48:22] [MainThread/INFO] [CatLauncherV2.Config]: Configuration loaded successfully.
[2026-05-08 00:48:22] [MainThread/DEBUG] [CatLauncherV2.DiscordRPC]: Could not connect to Discord RPC (is Discord running?): Could not find Discord installed and running on this machine.
[2026-05-08 00:48:22] [MainThread/INFO] [CatLauncherV2.App]: UI Started.
